server(stopped, 1709912300).
server(started, 1709912734).
/*Fri Mar  8 16:45:36 2024*/ request(1, 1709912736.589, [peer(ip(127,0,0,1)),method(options),request_uri('/action'),path('/action'),http_version(1-1),host(localhost),port(8081),connection('keep-alive'),access_control_request_method('PUT'),access_control_request_headers('content-type'),origin('http://localhost:9000'),user_agent('Mozilla/5.0 (X11; Linux x86_64) AppleWebKit/537.36 (KHTML, like Gecko) Chrome/122.0.0.0 Safari/537.36'),sec_fetch_mode(cors),sec_fetch_site('same-site'),sec_fetch_dest(empty),referer('http://localhost:9000/')]).
completed(1, 0.013163315, 0, 200, ok).
/*Fri Mar  8 16:45:36 2024*/ request(2, 1709912736.595, [peer(ip(127,0,0,1)),method(put),request_uri('/action'),path('/action'),http_version(1-1),host(localhost),port(8081),connection('keep-alive'),content_length(1781),sec_ch_ua('"Chromium";v="122", "Not(A:Brand";v="24", "Brave";v="122"'),sec_ch_ua_platform('"Linux"'),sec_ch_ua_mobile('?0'),user_agent('Mozilla/5.0 (X11; Linux x86_64) AppleWebKit/537.36 (KHTML, like Gecko) Chrome/122.0.0.0 Safari/537.36'),content_type('application/json'),sec_gpc('1'),origin('http://localhost:9000'),sec_fetch_site('same-site'),sec_fetch_mode(cors),sec_fetch_dest(empty),referer('http://localhost:9000/')]).
_{ beliefs:_{ certain_eternals:_{ cells:[ _{x:0,y:0},
					  _{x:1,y:0},
					  _{x:2,y:0},
					  _{x:3,y:0},
					  _{x:4,y:0},
					  _{x:5,y:0},
					  _{x:0,y:1},
					  _{x:1,y:1},
					  _{x:2,y:1},
					  _{x:3,y:1},
					  _{x:4,y:1},
					  _{x:5,y:1},
					  _{x:0,y:2},
					  _{x:1,y:2},
					  _{x:2,y:2},
					  _{x:3,y:2},
					  _{x:4,y:2},
					  _{x:5,y:2},
					  _{x:0,y:3},
					  _{x:1,y:3},
					  _{x:2,y:3},
					  _{x:3,y:3},
					  _{x:4,y:3},
					  _{x:5,y:3},
					  _{x:0,y:4},
					  _{x:1,y:4},
					  _{x:2,y:4},
					  _{x:3,y:4},
					  _{x:4,y:4},
					  _{x:5,y:4},
					  _{x:0,y:5},
					  _{x:1,y:5},
					  _{x:2,y:5},
					  _{x:3,y:5},
					  _{x:4,y:5},
					  _{x:5,y:5}
					],
				  eat_exit:_{c:_{x:1,y:1},e:_{id:exit}},
				  eat_walls:[ _{ c:_{x:5,y:5},
						 w:_{id:wall20}
					       },
					      _{ c:_{x:4,y:5},
						 w:_{id:wall19}
					       },
					      _{ c:_{x:3,y:5},
						 w:_{id:wall18}
					       },
					      _{ c:_{x:2,y:5},
						 w:_{id:wall17}
					       },
					      _{ c:_{x:1,y:5},
						 w:_{id:wall16}
					       },
					      _{ c:_{x:0,y:5},
						 w:_{id:wall15}
					       },
					      _{ c:_{x:5,y:4},
						 w:_{id:wall14}
					       },
					      _{ c:_{x:0,y:4},
						 w:_{id:wall13}
					       },
					      _{ c:_{x:5,y:3},
						 w:_{id:wall12}
					       },
					      _{ c:_{x:0,y:3},
						 w:_{id:wall11}
					       },
					      _{ c:_{x:5,y:2},
						 w:_{id:wall10}
					       },
					      _{ c:_{x:0,y:2},
						 w:_{id:wall9}
					       },
					      _{ c:_{x:5,y:1},
						 w:_{id:wall8}
					       },
					      _{ c:_{x:0,y:1},
						 w:_{id:wall7}
					       },
					      _{ c:_{x:5,y:0},
						 w:_{id:wall6}
					       },
					      _{ c:_{x:4,y:0},
						 w:_{id:wall5}
					       },
					      _{ c:_{x:3,y:0},
						 w:_{id:wall4}
					       },
					      _{ c:_{x:2,y:0},
						 w:_{id:wall3}
					       },
					      _{ c:_{x:1,y:0},
						 w:_{id:wall2}
					       },
					      _{ c:_{x:0,y:0},
						 w:_{id:wall1}
					       }
					    ]
				},
	      certain_fluents:_{ alive:[_{id:hunter}],
				 dir:[_{d:north,h:_{id:hunter}}],
				 fat_gold:[],
				 fat_hunter:_{ c:_{x:1,y:1},
					       h:_{id:hunter}
					     },
				 game_state:running,
				 has_arrow:[ _{ a:_{id:arrow1},
						h:_{id:hunter}
					      }
					   ],
				 has_gold:[],
				 score:0,
				 visited:[]
			       },
	      step:0,
	      uncertain_eternals:_{eat_pit:[],eat_wumpus:[]},
	      uncertain_fluents:_{fatal:[]}
	    },
   percepts:[]
 }
Completion du else : _25968{x:1,y:0}
Completion du else : _25950{x:0,y:1}
server(error, 1709912737).
server(started, 1709912776).
/*Fri Mar  8 16:46:18 2024*/ request(1, 1709912778.730, [peer(ip(127,0,0,1)),method(options),request_uri('/action'),path('/action'),http_version(1-1),host(localhost),port(8081),connection('keep-alive'),access_control_request_method('PUT'),access_control_request_headers('content-type'),origin('http://localhost:9000'),user_agent('Mozilla/5.0 (X11; Linux x86_64) AppleWebKit/537.36 (KHTML, like Gecko) Chrome/122.0.0.0 Safari/537.36'),sec_fetch_mode(cors),sec_fetch_site('same-site'),sec_fetch_dest(empty),referer('http://localhost:9000/')]).
completed(1, 0.034119668, 0, 200, ok).
/*Fri Mar  8 16:46:18 2024*/ request(2, 1709912778.769, [peer(ip(127,0,0,1)),method(put),request_uri('/action'),path('/action'),http_version(1-1),host(localhost),port(8081),connection('keep-alive'),content_length(1781),sec_ch_ua('"Chromium";v="122", "Not(A:Brand";v="24", "Brave";v="122"'),sec_ch_ua_platform('"Linux"'),sec_ch_ua_mobile('?0'),user_agent('Mozilla/5.0 (X11; Linux x86_64) AppleWebKit/537.36 (KHTML, like Gecko) Chrome/122.0.0.0 Safari/537.36'),content_type('application/json'),sec_gpc('1'),origin('http://localhost:9000'),sec_fetch_site('same-site'),sec_fetch_mode(cors),sec_fetch_dest(empty),referer('http://localhost:9000/')]).
_{ beliefs:_{ certain_eternals:_{ cells:[ _{x:0,y:0},
					  _{x:1,y:0},
					  _{x:2,y:0},
					  _{x:3,y:0},
					  _{x:4,y:0},
					  _{x:5,y:0},
					  _{x:0,y:1},
					  _{x:1,y:1},
					  _{x:2,y:1},
					  _{x:3,y:1},
					  _{x:4,y:1},
					  _{x:5,y:1},
					  _{x:0,y:2},
					  _{x:1,y:2},
					  _{x:2,y:2},
					  _{x:3,y:2},
					  _{x:4,y:2},
					  _{x:5,y:2},
					  _{x:0,y:3},
					  _{x:1,y:3},
					  _{x:2,y:3},
					  _{x:3,y:3},
					  _{x:4,y:3},
					  _{x:5,y:3},
					  _{x:0,y:4},
					  _{x:1,y:4},
					  _{x:2,y:4},
					  _{x:3,y:4},
					  _{x:4,y:4},
					  _{x:5,y:4},
					  _{x:0,y:5},
					  _{x:1,y:5},
					  _{x:2,y:5},
					  _{x:3,y:5},
					  _{x:4,y:5},
					  _{x:5,y:5}
					],
				  eat_exit:_{c:_{x:1,y:1},e:_{id:exit}},
				  eat_walls:[ _{ c:_{x:5,y:5},
						 w:_{id:wall20}
					       },
					      _{ c:_{x:4,y:5},
						 w:_{id:wall19}
					       },
					      _{ c:_{x:3,y:5},
						 w:_{id:wall18}
					       },
					      _{ c:_{x:2,y:5},
						 w:_{id:wall17}
					       },
					      _{ c:_{x:1,y:5},
						 w:_{id:wall16}
					       },
					      _{ c:_{x:0,y:5},
						 w:_{id:wall15}
					       },
					      _{ c:_{x:5,y:4},
						 w:_{id:wall14}
					       },
					      _{ c:_{x:0,y:4},
						 w:_{id:wall13}
					       },
					      _{ c:_{x:5,y:3},
						 w:_{id:wall12}
					       },
					      _{ c:_{x:0,y:3},
						 w:_{id:wall11}
					       },
					      _{ c:_{x:5,y:2},
						 w:_{id:wall10}
					       },
					      _{ c:_{x:0,y:2},
						 w:_{id:wall9}
					       },
					      _{ c:_{x:5,y:1},
						 w:_{id:wall8}
					       },
					      _{ c:_{x:0,y:1},
						 w:_{id:wall7}
					       },
					      _{ c:_{x:5,y:0},
						 w:_{id:wall6}
					       },
					      _{ c:_{x:4,y:0},
						 w:_{id:wall5}
					       },
					      _{ c:_{x:3,y:0},
						 w:_{id:wall4}
					       },
					      _{ c:_{x:2,y:0},
						 w:_{id:wall3}
					       },
					      _{ c:_{x:1,y:0},
						 w:_{id:wall2}
					       },
					      _{ c:_{x:0,y:0},
						 w:_{id:wall1}
					       }
					    ]
				},
	      certain_fluents:_{ alive:[_{id:hunter}],
				 dir:[_{d:north,h:_{id:hunter}}],
				 fat_gold:[],
				 fat_hunter:_{ c:_{x:1,y:1},
					       h:_{id:hunter}
					     },
				 game_state:running,
				 has_arrow:[ _{ a:_{id:arrow1},
						h:_{id:hunter}
					      }
					   ],
				 has_gold:[],
				 score:0,
				 visited:[]
			       },
	      step:0,
	      uncertain_eternals:_{eat_pit:[],eat_wumpus:[]},
	      uncertain_fluents:_{fatal:[]}
	    },
   percepts:[]
 }
Completion du else : _25968{x:1,y:0}
Completion du else : _25950{x:0,y:1}
server(error, 1709912779).
server(started, 1709912904).
server(stopped, 1709920826).
