This file contains any messages produced by compilers while
running configure, to aid debugging if configure makes a mistake.

It was created by configure, which was
generated by GNU Autoconf 2.71.  Invocation command line was

  $ ./configure --prefix=/home/victor/TP/A4S8/gpu/

## --------- ##
## Platform. ##
## --------- ##

hostname = victor-G5-5590
uname -m = x86_64
uname -r = 6.5.0-25-generic
uname -s = Linux
uname -v = #25~22.04.1-Ubuntu SMP PREEMPT_DYNAMIC Tue Feb 20 16:09:15 UTC 2

/usr/bin/uname -p = x86_64
/bin/uname -X     = unknown

/bin/arch              = x86_64
/usr/bin/arch -k       = unknown
/usr/convex/getsysinfo = unknown
/usr/bin/hostinfo      = unknown
/bin/machine           = unknown
/usr/bin/oslevel       = unknown
/bin/universe          = unknown

PATH: /usr/local/cuda-12.4/bin/
PATH: /home/victor/.nvm/versions/node/v18.17.1/bin/
PATH: /home/victor/.local/bin/
PATH: /usr/local/sbin/
PATH: /usr/local/bin/
PATH: /usr/sbin/
PATH: /usr/bin/
PATH: /sbin/
PATH: /bin/
PATH: /usr/games/
PATH: /usr/local/games/
PATH: /snap/bin/
PATH: /snap/bin/
PATH: /usr/lib/jvm/java-17-openjdk-amd64//bin/
PATH: /home/Android/Sdk//platform-tools/
PATH: /home/Android/Sdk//build-tools/
PATH: /home/Android/Sdk//tools/
PATH: /home/Android/Sdk//cmdline-tools/latest/bin/
PATH: /home/Android/Sdk//emulator/


## ----------- ##
## Core tests. ##
## ----------- ##

configure:2300: looking for aux files: config.guess config.sub
configure:2313:  trying ./
configure:2342:   ./config.guess found
configure:2342:   ./config.sub found
configure:2461: checking build system type
configure:2476: result: x86_64-pc-linux-gnu
configure:2496: checking host system type
configure:2510: result: x86_64-pc-linux-gnu
configure:2530: checking target system type
configure:2544: result: x86_64-pc-linux-gnu
configure:2812: checking for gcc
configure:2833: found /usr/bin/gcc
configure:2844: result: gcc
configure:3197: checking for C compiler version
configure:3206: gcc --version >&5
gcc (Ubuntu 11.4.0-1ubuntu1~22.04) 11.4.0
Copyright (C) 2021 Free Software Foundation, Inc.
This is free software; see the source for copying conditions.  There is NO
warranty; not even for MERCHANTABILITY or FITNESS FOR A PARTICULAR PURPOSE.

configure:3217: $? = 0
configure:3206: gcc -v >&5
Using built-in specs.
COLLECT_GCC=gcc
COLLECT_LTO_WRAPPER=/usr/lib/gcc/x86_64-linux-gnu/11/lto-wrapper
OFFLOAD_TARGET_NAMES=nvptx-none:amdgcn-amdhsa
OFFLOAD_TARGET_DEFAULT=1
Target: x86_64-linux-gnu
Configured with: ../src/configure -v --with-pkgversion='Ubuntu 11.4.0-1ubuntu1~22.04' --with-bugurl=file:///usr/share/doc/gcc-11/README.Bugs --enable-languages=c,ada,c++,go,brig,d,fortran,objc,obj-c++,m2 --prefix=/usr --with-gcc-major-version-only --program-suffix=-11 --program-prefix=x86_64-linux-gnu- --enable-shared --enable-linker-build-id --libexecdir=/usr/lib --without-included-gettext --enable-threads=posix --libdir=/usr/lib --enable-nls --enable-bootstrap --enable-clocale=gnu --enable-libstdcxx-debug --enable-libstdcxx-time=yes --with-default-libstdcxx-abi=new --enable-gnu-unique-object --disable-vtable-verify --enable-plugin --enable-default-pie --with-system-zlib --enable-libphobos-checking=release --with-target-system-zlib=auto --enable-objc-gc=auto --enable-multiarch --disable-werror --enable-cet --with-arch-32=i686 --with-abi=m64 --with-multilib-list=m32,m64,mx32 --enable-multilib --with-tune=generic --enable-offload-targets=nvptx-none=/build/gcc-11-XeT9lY/gcc-11-11.4.0/debian/tmp-nvptx/usr,amdgcn-amdhsa=/build/gcc-11-XeT9lY/gcc-11-11.4.0/debian/tmp-gcn/usr --without-cuda-driver --enable-checking=release --build=x86_64-linux-gnu --host=x86_64-linux-gnu --target=x86_64-linux-gnu --with-build-config=bootstrap-lto-lean --enable-link-serialization=2
Thread model: posix
Supported LTO compression algorithms: zlib zstd
gcc version 11.4.0 (Ubuntu 11.4.0-1ubuntu1~22.04) 
... rest of stderr output deleted ...
configure:3217: $? = 0
configure:3206: gcc -V >&5
gcc: error: unrecognized command-line option '-V'
gcc: fatal error: no input files
compilation terminated.
configure:3217: $? = 1
configure:3206: gcc -qversion >&5
gcc: error: unrecognized command-line option '-qversion'; did you mean '--version'?
gcc: fatal error: no input files
compilation terminated.
configure:3217: $? = 1
configure:3206: gcc -version >&5
gcc: error: unrecognized command-line option '-version'
gcc: fatal error: no input files
compilation terminated.
configure:3217: $? = 1
configure:3237: checking whether the C compiler works
configure:3259: gcc    conftest.c  >&5
configure:3263: $? = 0
configure:3313: result: yes
configure:3316: checking for C compiler default output file name
configure:3318: result: a.out
configure:3324: checking for suffix of executables
configure:3331: gcc -o conftest    conftest.c  >&5
configure:3335: $? = 0
configure:3358: result: 
configure:3380: checking whether we are cross compiling
configure:3388: gcc -o conftest    conftest.c  >&5
configure:3392: $? = 0
configure:3399: ./conftest
configure:3403: $? = 0
configure:3418: result: no
configure:3423: checking for suffix of object files
configure:3446: gcc -c   conftest.c >&5
configure:3450: $? = 0
configure:3472: result: o
configure:3476: checking whether the compiler supports GNU C
configure:3496: gcc -c   conftest.c >&5
configure:3496: $? = 0
configure:3506: result: yes
configure:3517: checking whether gcc accepts -g
configure:3538: gcc -c -g  conftest.c >&5
configure:3538: $? = 0
configure:3582: result: yes
configure:3602: checking for gcc option to enable C11 features
configure:3617: gcc  -c -g -O2  conftest.c >&5
configure:3617: $? = 0
configure:3635: result: none needed
configure:3817: checking for stdio.h
configure:3817: gcc -c -g -O2  conftest.c >&5
configure:3817: $? = 0
configure:3817: result: yes
configure:3817: checking for stdlib.h
configure:3817: gcc -c -g -O2  conftest.c >&5
configure:3817: $? = 0
configure:3817: result: yes
configure:3817: checking for string.h
configure:3817: gcc -c -g -O2  conftest.c >&5
configure:3817: $? = 0
configure:3817: result: yes
configure:3817: checking for inttypes.h
configure:3817: gcc -c -g -O2  conftest.c >&5
configure:3817: $? = 0
configure:3817: result: yes
configure:3817: checking for stdint.h
configure:3817: gcc -c -g -O2  conftest.c >&5
configure:3817: $? = 0
configure:3817: result: yes
configure:3817: checking for strings.h
configure:3817: gcc -c -g -O2  conftest.c >&5
configure:3817: $? = 0
configure:3817: result: yes
configure:3817: checking for sys/stat.h
configure:3817: gcc -c -g -O2  conftest.c >&5
configure:3817: $? = 0
configure:3817: result: yes
configure:3817: checking for sys/types.h
configure:3817: gcc -c -g -O2  conftest.c >&5
configure:3817: $? = 0
configure:3817: result: yes
configure:3817: checking for unistd.h
configure:3817: gcc -c -g -O2  conftest.c >&5
configure:3817: $? = 0
configure:3817: result: yes
configure:4012: checking for gfortran
configure:4033: found /usr/bin/gfortran
configure:4044: result: gfortran
configure:4089: checking for ar
configure:4110: found /usr/bin/ar
configure:4122: result: ar
configure:4184: checking for ranlib
configure:4205: found /usr/bin/ranlib
configure:4216: result: ranlib
configure:4242: checking for stdlib.h
configure:4242: result: yes
configure:4242: checking for string.h
configure:4242: result: yes
configure:4242: checking for math.h
configure:4242: gcc -c -g -O2  conftest.c >&5
configure:4242: $? = 0
configure:4242: result: yes
configure:4242: checking for limits.h
configure:4242: gcc -c -g -O2  conftest.c >&5
configure:4242: $? = 0
configure:4242: result: yes
configure:4265: gcc -c -g -O2  conftest.c >&5
configure:4265: $? = 0
configure:4607: checking for curl-config
configure:4645: result: no
configure:4673: WARNING: curl-config not found. Disabling curl support.
configure:4685: checking for inflateEnd in -lz
configure:4708: gcc -o conftest -g -O2 -Dg77Fortran -fPIC  -g -O2 conftest.c -lz   >&5
configure:4708: $? = 0
configure:4718: result: yes
configure:4749: checking whether ftruncate works
configure:4765: gcc -o conftest -g -O2 -Dg77Fortran -fPIC  -g -O2 conftest.c -lz  >&5
conftest.c: In function 'main':
conftest.c:32:1: warning: ignoring return value of 'ftruncate' declared with attribute 'warn_unused_result' [-Wunused-result]
   32 | ftruncate(0, 0);
      | ^~~~~~~~~~~~~~~
configure:4765: $? = 0
configure:4770: result: yes
configure:4784: checking whether long long is defined
configure:4800: gcc -c -g -O2 -Dg77Fortran -fPIC  conftest.c >&5
configure:4800: $? = 0
configure:4805: result: yes
configure:4826: checking whether system V style IPC services are supported
configure:4847: gcc -o conftest -g -O2 -Dg77Fortran -fPIC  -g -O2 conftest.c -lz  >&5
configure:4847: $? = 0
configure:4853: result: yes
configure:4869: checking whether flock_t is defined in sys/fcntl.h
configure:4885: gcc -c -g -O2 -Dg77Fortran -fPIC  conftest.c >&5
conftest.c: In function 'main':
conftest.c:35:1: error: unknown type name 'flock_t'; did you mean 'float'?
   35 | flock_t filler;
      | ^~~~~~~
      | float
configure:4885: $? = 1
configure: failed program was:
| /* confdefs.h */
| #define PACKAGE_NAME ""
| #define PACKAGE_TARNAME ""
| #define PACKAGE_VERSION ""
| #define PACKAGE_STRING ""
| #define PACKAGE_BUGREPORT ""
| #define PACKAGE_URL ""
| #define HAVE_STDIO_H 1
| #define HAVE_STDLIB_H 1
| #define HAVE_STRING_H 1
| #define HAVE_INTTYPES_H 1
| #define HAVE_STDINT_H 1
| #define HAVE_STRINGS_H 1
| #define HAVE_SYS_STAT_H 1
| #define HAVE_SYS_TYPES_H 1
| #define HAVE_UNISTD_H 1
| #define STDC_HEADERS 1
| #define HAVE_STDLIB_H 1
| #define HAVE_STRING_H 1
| #define HAVE_MATH_H 1
| #define HAVE_LIMITS_H 1
| #define _LARGEFILE_SOURCE 1
| #define _FILE_OFFSET_BITS 64
| #define HAVE_LIBZ 1
| #define HAVE_FTRUNCATE 1
| #define HAVE_LONGLONG 1
| #define HAVE_SHMEM_SERVICES 1
| /* end confdefs.h.  */
| #include <sys/fcntl.h>
| 
| int
| main (void)
| {
| 
| flock_t filler;
| 
|   ;
|   return 0;
| }
configure:4894: result: no
configure:4900: checking whether flock_t is defined in sys/flock.h
configure:4916: gcc -c -g -O2 -Dg77Fortran -fPIC  conftest.c >&5
conftest.c:29:10: fatal error: sys/flock.h: No such file or directory
   29 | #include <sys/flock.h>
      |          ^~~~~~~~~~~~~
compilation terminated.
configure:4916: $? = 1
configure: failed program was:
| /* confdefs.h */
| #define PACKAGE_NAME ""
| #define PACKAGE_TARNAME ""
| #define PACKAGE_VERSION ""
| #define PACKAGE_STRING ""
| #define PACKAGE_BUGREPORT ""
| #define PACKAGE_URL ""
| #define HAVE_STDIO_H 1
| #define HAVE_STDLIB_H 1
| #define HAVE_STRING_H 1
| #define HAVE_INTTYPES_H 1
| #define HAVE_STDINT_H 1
| #define HAVE_STRINGS_H 1
| #define HAVE_SYS_STAT_H 1
| #define HAVE_SYS_TYPES_H 1
| #define HAVE_UNISTD_H 1
| #define STDC_HEADERS 1
| #define HAVE_STDLIB_H 1
| #define HAVE_STRING_H 1
| #define HAVE_MATH_H 1
| #define HAVE_LIMITS_H 1
| #define _LARGEFILE_SOURCE 1
| #define _FILE_OFFSET_BITS 64
| #define HAVE_LIBZ 1
| #define HAVE_FTRUNCATE 1
| #define HAVE_LONGLONG 1
| #define HAVE_SHMEM_SERVICES 1
| /* end confdefs.h.  */
| #include <sys/flock.h>
| 
| int
| main (void)
| {
| 
|    flock_t filler;
| 
|   ;
|   return 0;
| }
configure:4925: result: no
configure:4994: checking whether union semun is defined
configure:5012: gcc -c -g -O2 -Dg77Fortran -fPIC  conftest.c >&5
conftest.c: In function 'main':
conftest.c:37:13: error: storage size of 'filler' isn't known
   37 | union semun filler;
      |             ^~~~~~
configure:5012: $? = 1
configure: failed program was:
| /* confdefs.h */
| #define PACKAGE_NAME ""
| #define PACKAGE_TARNAME ""
| #define PACKAGE_VERSION ""
| #define PACKAGE_STRING ""
| #define PACKAGE_BUGREPORT ""
| #define PACKAGE_URL ""
| #define HAVE_STDIO_H 1
| #define HAVE_STDLIB_H 1
| #define HAVE_STRING_H 1
| #define HAVE_INTTYPES_H 1
| #define HAVE_STDINT_H 1
| #define HAVE_STRINGS_H 1
| #define HAVE_SYS_STAT_H 1
| #define HAVE_SYS_TYPES_H 1
| #define HAVE_UNISTD_H 1
| #define STDC_HEADERS 1
| #define HAVE_STDLIB_H 1
| #define HAVE_STRING_H 1
| #define HAVE_MATH_H 1
| #define HAVE_LIMITS_H 1
| #define _LARGEFILE_SOURCE 1
| #define _FILE_OFFSET_BITS 64
| #define HAVE_LIBZ 1
| #define HAVE_FTRUNCATE 1
| #define HAVE_LONGLONG 1
| #define HAVE_SHMEM_SERVICES 1
| /* end confdefs.h.  */
| #include <sys/ipc.h>
| #include <sys/shm.h>
| #include <sys/sem.h>
| 
| int
| main (void)
| {
| 
| union semun filler;
| 
|   ;
|   return 0;
| }
configure:5021: result: no
configure:5030: checking for fmemopen
configure:5030: gcc -o conftest -g -O2 -Dg77Fortran -fPIC  -g -O2 conftest.c -lz  >&5
configure:5030: $? = 0
configure:5030: result: yes
configure:5044: checking for library containing gethostbyname
configure:5074: gcc -o conftest -g -O2 -Dg77Fortran -fPIC  -g -O2 conftest.c -lz  >&5
configure:5074: $? = 0
configure:5094: result: none required
configure:5105: checking for library containing connect
configure:5135: gcc -o conftest -g -O2 -Dg77Fortran -fPIC  -g -O2 conftest.c -lz  >&5
configure:5135: $? = 0
configure:5155: result: none required
configure:5318: creating ./config.status

## ---------------------- ##
## Running config.status. ##
## ---------------------- ##

This file was extended by config.status, which was
generated by GNU Autoconf 2.71.  Invocation command line was

  CONFIG_FILES    = 
  CONFIG_HEADERS  = 
  CONFIG_LINKS    = 
  CONFIG_COMMANDS = 
  $ ./config.status 

on victor-G5-5590

config.status:750: creating Makefile
configure:6462: creating ./config.status

## ---------------------- ##
## Running config.status. ##
## ---------------------- ##

This file was extended by config.status, which was
generated by GNU Autoconf 2.71.  Invocation command line was

  CONFIG_FILES    = 
  CONFIG_HEADERS  = 
  CONFIG_LINKS    = 
  CONFIG_COMMANDS = 
  $ ./config.status 

on victor-G5-5590

config.status:751: creating Makefile
config.status:751: creating cfitsio.pc
configure:7465: result: 
configure:7467: result:     Congratulations, Makefile update was successful.
configure:7469: result:     You may want to run make now.
configure:7471: result: 

## ---------------- ##
## Cache variables. ##
## ---------------- ##

ac_cv_build=x86_64-pc-linux-gnu
ac_cv_c_compiler_gnu=yes
ac_cv_env_CC_set=
ac_cv_env_CC_value=
ac_cv_env_CFLAGS_set=
ac_cv_env_CFLAGS_value=
ac_cv_env_CPPFLAGS_set=
ac_cv_env_CPPFLAGS_value=
ac_cv_env_LDFLAGS_set=
ac_cv_env_LDFLAGS_value=
ac_cv_env_LIBS_set=
ac_cv_env_LIBS_value=
ac_cv_env_build_alias_set=
ac_cv_env_build_alias_value=
ac_cv_env_host_alias_set=
ac_cv_env_host_alias_value=
ac_cv_env_target_alias_set=
ac_cv_env_target_alias_value=
ac_cv_func_fmemopen=yes
ac_cv_header_inttypes_h=yes
ac_cv_header_limits_h=yes
ac_cv_header_math_h=yes
ac_cv_header_stdint_h=yes
ac_cv_header_stdio_h=yes
ac_cv_header_stdlib_h=yes
ac_cv_header_string_h=yes
ac_cv_header_strings_h=yes
ac_cv_header_sys_stat_h=yes
ac_cv_header_sys_types_h=yes
ac_cv_header_unistd_h=yes
ac_cv_host=x86_64-pc-linux-gnu
ac_cv_lib_z_inflateEnd=yes
ac_cv_objext=o
ac_cv_prog_AR=ar
ac_cv_prog_FC=gfortran
ac_cv_prog_ac_ct_CC=gcc
ac_cv_prog_ac_ct_RANLIB=ranlib
ac_cv_prog_cc_c11=
ac_cv_prog_cc_g=yes
ac_cv_prog_cc_stdc=
ac_cv_search_connect='none required'
ac_cv_search_gethostbyname='none required'
ac_cv_target=x86_64-pc-linux-gnu

## ----------------- ##
## Output variables. ##
## ----------------- ##

AR='ar'
ARCH='linux'
ARCHIVE='ar rv'
CC='gcc'
CFITSIO_MAJOR='4'
CFITSIO_MICRO='0'
CFITSIO_MINOR='4'
CFITSIO_SHLIB='lib${PACKAGE}${SHLIB_SUFFIX}.${CFITSIO_SONAME}.${CFITSIO_MAJOR}.${CFITSIO_MINOR}.${CFITSIO_MICRO}'
CFITSIO_SHLIB_SONAME='lib${PACKAGE}${SHLIB_SUFFIX}.${CFITSIO_SONAME}'
CFITSIO_SONAME='10'
CFLAGS='-g -O2 -Dg77Fortran -fPIC'
CPPFLAGS=''
CURLCONFIG=''
DEFS='-DPACKAGE_NAME=\"\" -DPACKAGE_TARNAME=\"\" -DPACKAGE_VERSION=\"\" -DPACKAGE_STRING=\"\" -DPACKAGE_BUGREPORT=\"\" -DPACKAGE_URL=\"\" -DHAVE_STDIO_H=1 -DHAVE_STDLIB_H=1 -DHAVE_STRING_H=1 -DHAVE_INTTYPES_H=1 -DHAVE_STDINT_H=1 -DHAVE_STRINGS_H=1 -DHAVE_SYS_STAT_H=1 -DHAVE_SYS_TYPES_H=1 -DHAVE_UNISTD_H=1 -DSTDC_HEADERS=1 -DHAVE_STDLIB_H=1 -DHAVE_STRING_H=1 -DHAVE_MATH_H=1 -DHAVE_LIMITS_H=1 -D_LARGEFILE_SOURCE=1 -D_FILE_OFFSET_BITS=64 -DHAVE_LIBZ=1 -DHAVE_FTRUNCATE=1 -DHAVE_LONGLONG=1 -DHAVE_SHMEM_SERVICES=1 -DHAVE_FMEMOPEN=1 -DHAVE_NET_SERVICES=1'
ECHO_C=''
ECHO_N='-n'
ECHO_T=''
EXEEXT=''
F77_WRAPPERS='${FITSIO_SRC}'
FC='gfortran'
GCCVERSION='11'
GSIFTP_SRC=''
INSTALL_ROOT='${prefix}'
LDFLAGS='-g -O2'
LDFLAGS_BIN='-g -O2 -Wl,-rpath,${CFITSIO_LIB}'
LIBOBJS=''
LIBPRE=''
LIBS='-lz '
LIBS_CURL=''
LTLIBOBJS=''
OBJEXT='o'
PACKAGE_BUGREPORT=''
PACKAGE_NAME=''
PACKAGE_STRING=''
PACKAGE_TARNAME=''
PACKAGE_URL=''
PACKAGE_VERSION=''
PATH_SEPARATOR=':'
RANLIB='ranlib'
SHELL='/bin/bash'
SHLIB_LD='gcc -shared -Wl,-soname,lib${PACKAGE}${SHLIB_SUFFIX}.${CFITSIO_SONAME}'
SHLIB_SUFFIX='.so'
SSE_FLAGS=''
ac_ct_CC='gcc'
bindir='${exec_prefix}/bin'
build='x86_64-pc-linux-gnu'
build_alias=''
build_cpu='x86_64'
build_os='linux-gnu'
build_vendor='pc'
datadir='${datarootdir}'
datarootdir='${prefix}/share'
docdir='${datarootdir}/doc/${PACKAGE}'
dvidir='${docdir}'
exec_prefix='${prefix}'
host='x86_64-pc-linux-gnu'
host_alias=''
host_cpu='x86_64'
host_os='linux-gnu'
host_vendor='pc'
htmldir='${docdir}'
includedir='${prefix}/include'
infodir='${datarootdir}/info'
libdir='${exec_prefix}/lib'
libexecdir='${exec_prefix}/libexec'
localedir='${datarootdir}/locale'
localstatedir='${prefix}/var'
mandir='${datarootdir}/man'
my_shmem='${SOURCES_SHMEM}'
oldincludedir='/usr/include'
pdfdir='${docdir}'
prefix='/home/victor/TP/A4S8/gpu'
program_transform_name='s,x,x,'
psdir='${docdir}'
runstatedir='${localstatedir}/run'
sbindir='${exec_prefix}/sbin'
sharedstatedir='${prefix}/com'
sysconfdir='${prefix}/etc'
target='x86_64-pc-linux-gnu'
target_alias=''
target_cpu='x86_64'
target_os='linux-gnu'
target_vendor='pc'

## ----------- ##
## confdefs.h. ##
## ----------- ##

/* confdefs.h */
#define PACKAGE_NAME ""
#define PACKAGE_TARNAME ""
#define PACKAGE_VERSION ""
#define PACKAGE_STRING ""
#define PACKAGE_BUGREPORT ""
#define PACKAGE_URL ""
#define HAVE_STDIO_H 1
#define HAVE_STDLIB_H 1
#define HAVE_STRING_H 1
#define HAVE_INTTYPES_H 1
#define HAVE_STDINT_H 1
#define HAVE_STRINGS_H 1
#define HAVE_SYS_STAT_H 1
#define HAVE_SYS_TYPES_H 1
#define HAVE_UNISTD_H 1
#define STDC_HEADERS 1
#define HAVE_STDLIB_H 1
#define HAVE_STRING_H 1
#define HAVE_MATH_H 1
#define HAVE_LIMITS_H 1
#define _LARGEFILE_SOURCE 1
#define _FILE_OFFSET_BITS 64
#define HAVE_LIBZ 1
#define HAVE_FTRUNCATE 1
#define HAVE_LONGLONG 1
#define HAVE_SHMEM_SERVICES 1
#define HAVE_FMEMOPEN 1
#define HAVE_NET_SERVICES 1

configure: exit 0
